// Jest Snapshot v1, https://goo.gl/fbAQLP

exports[`transaction-utils getHumanReadableMessageFromTransaction 1`] = `
Object {
  "data": Object {
    "amount": "2340",
    "fees": "0.109514",
    "fromAddress": "",
    "timestamp": "2019-04-28 14:51:13",
    "toAddress": "",
    "type": "custom-recieve-transcation-type",
  },
  "text": "",
}
`;

exports[`transaction-utils getHumanReadableMessageFromTransaction 2`] = `
Object {
  "data": Object {
    "amount": "142000000",
    "fees": "0.028599",
    "fromAddress": "cosmos15urq2dtp9qce4fyc85m6upwm9xul3049um7trd",
    "timestamp": "2019-05-22 14:02:48",
    "toAddress": "cosmos10whs4lsz6yjc90nzs6t4re5jv6lj59qr6zuxf8",
    "type": "custom-recieve-transcation-type",
  },
  "text": Array [
    "{{transactionType}} {{amount}} ATOM from {{recipient}} to {{sender}} with a fee of {{fee}} ATOM.",
    Object {
      "amount": <b>
        142000000
      </b>,
      "fee": <b>
        0.028599
      </b>,
      "recipient": <b>
        cosmos10whs4lsz6yjc90nzs6t4re5jv6lj59qr6zuxf8
      </b>,
      "sender": <b>
        cosmos15urq2dtp9qce4fyc85m6upwm9xul3049um7trd
      </b>,
      "transactionType": "Received",
    },
  ],
}
`;

exports[`transaction-utils getHumanReadableMessageFromTransaction 3`] = `
Object {
  "data": Object {
    "amount": "6470.110604",
    "fees": "0.077768",
    "fromAddress": "cosmosvaloper15urq2dtp9qce4fyc85m6upwm9xul3049e02707",
    "timestamp": "2019-05-31 21:02:15",
    "toAddress": "cosmos15urq2dtp9qce4fyc85m6upwm9xul3049um7trd",
    "type": "cosmos-sdk/MsgWithdrawDelegationReward",
  },
  "text": Array [
    "Withdrew {{rewards}} rewards and {{commissions}} commissions from validator {{validator_address}}. Fees spent: {{fees}} ATOM",
    Object {
      "commissions": <b>
        6383.457486
      </b>,
      "fees": <b>
        0.077768
      </b>,
      "rewards": <b>
        86.653118
      </b>,
      "validator_address": <b>
        cosmosvaloper15urq2dtp9qce4fyc85m6upwm9xul3049e02707
      </b>,
    },
  ],
}
`;
